[web.archive.org/web/20071123172245/http_/osu.ppy.sh/index1a8f.html]
[web.archive.org/web/20071127023324/http_/osu.ppy.sh/index.html]
[web.archive.org/web/20071226092136/http_/osu.ppy.sh/indexd1d9.html]
[web.archive.org/web/20071128080345/http_/osu.ppy.sh/indexacaf.html]
[web.archive.org/web/20071122213806/http_/osu.ppy.sh/index1532.html]
[web.archive.org/web/20071123172250/http_/osu.ppy.sh/indexc9a3.html]
[backblue.gif]
[fade.gif]
[index.html]
[web.archive.org/web/20071127023324/http_/osu.ppy.sh/index.html]
[osu.ppy.sh/index.html]
[web.archive.org/web/20071123172245/http_/osu.ppy.sh/index1a8f.html]
[osu.ppy.sh/index1a8f.html]
[web.archive.org/web/20071226092136/http_/osu.ppy.sh/indexd1d9.html]
[osu.ppy.sh/indexd1d9.html]
[web.archive.org/web/20071128080345/http_/osu.ppy.sh/indexacaf.html]
[osu.ppy.sh/indexacaf.html]
[web.archive.org/web/20071122213806/http_/osu.ppy.sh/index1532.html]
[web.archive.org/web/20071123172250/http_/osu.ppy.sh/indexc9a3.html]
[web.archive.org/web/20071123172250/http_/osu.ppy.sh/forum/index.html]
[osu.ppy.sh/wiki/FAQ.html]
[osu.ppy.sh/indexc9a3.html]
[www.w3.org/1999/xhtml.b.delayed]
[s.ppy.sh/favicon.13.delayed]
[s.ppy.sh/js/main2a3a.js]
[s.ppy.sh/js/jquery.autocomplete.js]
[s.ppy.sh/css/styled7c2.css]
[osu.ppy.sh/feed/news/index.html]
[s.ppy.sh/images/right-pippi.jpg]
[s.ppy.sh/js/jquery.min2a3a.js]
[ajax.cloudflare.com/cdn-cgi/nexp/dok3v=f2befc48d1/cloudflare.min.js]
[osu.ppy.sh/p/twitter.html]
[s.ppy.sh/images/head-logo.png]
[osu.ppy.sh/p/support.html]
[osu.ppy.sh/p/changelog.html]
[osu.ppy.sh/wiki/Welcome.html]
[osu.ppy.sh/wiki/History_of_osu!.html]
[osu.ppy.sh/wiki/The_Team.html]
[osu.ppy.sh/wiki/Osu!_Rules.html]
[osu.ppy.sh/p/download.html]
[osu.ppy.sh/p/beatmaplist.html]
[osu.ppy.sh/forum/5.html]
[osu.ppy.sh/p/beatmaplist&s=4&r=0.html]
[osu.ppy.sh/p/beatmaplist&s=4&r=11.html]
[osu.ppy.sh/p/beatmaplist&s=4&r=12.html]
[osu.ppy.sh/p/beatmaplist&s=7&r=2.html]
[osu.ppy.sh/p/packlist.html]
[osu.ppy.sh/p/pp.html]
[osu.ppy.sh/p/chart.html]
[osu.ppy.sh/p/playerranking.html]
[osu.ppy.sh/p/countryranking.html]
[osu.ppy.sh/p/kudosu.html]
[osu.ppy.sh/forum/index.html]
[new.ppy.sh/livestreams.html]
[osu.ppy.sh/p/register.html]
[s.ppy.sh/images/osu-download.png]
[osu.ppy.sh/p/forgot.html]
[s.ppy.sh/images/osu-goodies.png]
[s.ppy.sh/images/osu-support.png]
[b.ppy.sh/thumb/320118.jpg]
[osu.ppy.sh/s/320118.html]
[osu.ppy.sh/u/4323406.html]
[b.ppy.sh/thumb/513590.jpg]
[osu.ppy.sh/s/513590.html]
[osu.ppy.sh/u/2706438.html]
[b.ppy.sh/thumb/332532.jpg]
[osu.ppy.sh/s/332532.html]
[osu.ppy.sh/u/2805457.html]
[b.ppy.sh/thumb/518932.jpg]
[osu.ppy.sh/s/518932.html]
[osu.ppy.sh/u/4858573.html]
[b.ppy.sh/thumb/485056.jpg]
[osu.ppy.sh/s/485056.html]
[osu.ppy.sh/u/4746949.html]
[osu.ppy.sh/p/news.html]
[osu.ppy.sh/news/156655326898.html]
[osu.ppy.sh/news/156441819408.html]
[osu.ppy.sh/news/156391847678.html]
[osu.ppy.sh/news/156345021253.html]
[osu.ppy.sh/pages/include/home-useractivity.png]
[new.ppy.sh/community/contests/39.html]
[osu.ppy.sh/p/irc.html]
[osu.ppy.sh/forum/posting0ddd.html]
[osu.ppy.sh/p/terms.html]
[osu.ppy.sh/p/copyright.html]
[stat.ppy.sh/index.html]
[osu.ppy.sh/index.html]
[osu.ppy.sh/index1a8f.html]
[s.ppy.sh/images/404pippi.jpg]
[s.ppy.sh/css/style.css]
[osu.ppy.sh/wiki/Help_Center.html]
[osu.ppy.sh/feed/changelog/index.html]
[osu.ppy.sh/p/changelog3cc2.html]
[osu.ppy.sh/p/changelog5088.html]
[osu.ppy.sh/p/changelog2f15.html]
[app.datadoghq.com/graph/embed50e5.html]
[osu.ppy.sh/images/fix.png]
[osu.ppy.sh/images/web.png]
[osu.ppy.sh/u/2.html]
[osu.ppy.sh/u/1040328.html]
[osu.ppy.sh/forum/t/98917.html]
[osu.ppy.sh/forum/t/524415.html]
[osu.ppy.sh/images/add.png]
[osu.ppy.sh/u/1857058.html]
[osu.ppy.sh/indexd1d9.html]
[s.ppy.sh/images/download.png]
[m1.ppy.sh/r/osu!install.69.delayed]
[m2.ppy.sh/r/osu!install.6a.delayed]
[m1.ppy.sh/release/osu!install.6b.delayed]
[osu.ppy.sh/p/welcome.html]
[osu.ppy.sh/forum/8.html]
[www.youtube.com/embed/videoseries7045.html]
[osu.ppy.sh/indexacaf.html]
[osu.ppy.sh/favicon.ico]
[osu.ppy.sh/wiki/opensearch_desc.php]
[osu.ppy.sh/wiki/api251f.php]
[osu.ppy.sh/wiki/index890f.php]
[osu.ppy.sh/wiki/loadeb8e.css]
[osu.ppy.sh/wiki/loadc6d2.css]
[osu.ppy.sh/wiki/load8478.html]
[osu.ppy.sh/wiki/index320c.html]
[osu.ppy.sh/wiki/Talk_FAQ.html]
[osu.ppy.sh/wiki/index1a44.html]
[osu.ppy.sh/wiki/indexa1bf.html]
[osu.ppy.sh/wiki/Beatmapping.html]
[osu.ppy.sh/wiki/FR_FAQ.html]
[osu.ppy.sh/wiki/RU_FAQ.html]
[osu.ppy.sh/wiki/ES_FAQ.html]
[osu.ppy.sh/wiki/ID_FAQ.html]
[osu.ppy.sh/wiki/ZH_FAQ.html]
[osu.ppy.sh/wiki/NL_FAQ.html]
[osu.ppy.sh/wiki/FI_FAQ.html]
[osu.ppy.sh/wiki/JP_FAQ.html]
[osu.ppy.sh/wiki/KO_FAQ.html]
[osu.ppy.sh/wiki/PL_FAQ.html]
[osu.ppy.sh/wiki/PH_FAQ.html]
[osu.ppy.sh/wiki/TH_FAQ.html]
[osu.ppy.sh/wiki/PT_FAQ.html]
[osu.ppy.sh/wiki/IT_FAQ.html]
[osu.ppy.sh/wiki/FAQ.html]
[osu.ppy.sh/indexc9a3.html]
[s.ppy.sh/css/styled7c2.css]
[facebook.com/osugame.1a.delayed]
[osu.ppy.sh/p/twitter.html]
[osu.ppy.sh/p/support.html]
[osu.ppy.sh/wiki/Welcome.html]
[osu.ppy.sh/p/changelog.html]
[osu.ppy.sh/wiki/History_of_osu!.html]
[osu.ppy.sh/wiki/The_Team.html]
[osu.ppy.sh/wiki/Osu!_Rules.html]
[osu.ppy.sh/p/download.html]
